// Vitest Snapshot v1, https://vitest.dev/guide/snapshot.html

exports[`<Tabs> > should match the snapshot 1`] = `
{
  "asFragment": [Function],
  "baseElement": <body>
    <div>
      <ul
        class="flex shadow-[0_10px_10px_rgba(0,0,0,0.05)]"
      >
        <li
          class="flex-1 text-center cursor-pointer font-semibold border-b-2 border-transparent py-1 transition-all duration-200 ease-in-out text-accent border-accent"
          data-testid="tab-tab1"
        >
          Tab 1
        </li>
        <li
          class="flex-1 text-center cursor-pointer font-semibold border-b-2 border-transparent py-1 transition-all duration-200 ease-in-out "
          data-testid="tab-tab2"
        >
          Tab 2
        </li>
        <li
          class="flex-1 text-center cursor-pointer font-semibold border-b-2 border-transparent py-1 transition-all duration-200 ease-in-out "
          data-testid="tab-tab3"
        >
          Tab 3
        </li>
      </ul>
    </div>
  </body>,
  "container": <div>
    <ul
      class="flex shadow-[0_10px_10px_rgba(0,0,0,0.05)]"
    >
      <li
        class="flex-1 text-center cursor-pointer font-semibold border-b-2 border-transparent py-1 transition-all duration-200 ease-in-out text-accent border-accent"
        data-testid="tab-tab1"
      >
        Tab 1
      </li>
      <li
        class="flex-1 text-center cursor-pointer font-semibold border-b-2 border-transparent py-1 transition-all duration-200 ease-in-out "
        data-testid="tab-tab2"
      >
        Tab 2
      </li>
      <li
        class="flex-1 text-center cursor-pointer font-semibold border-b-2 border-transparent py-1 transition-all duration-200 ease-in-out "
        data-testid="tab-tab3"
      >
        Tab 3
      </li>
    </ul>
  </div>,
  "debug": [Function],
  "findAllByAltText": [Function],
  "findAllByDisplayValue": [Function],
  "findAllByLabelText": [Function],
  "findAllByPlaceholderText": [Function],
  "findAllByRole": [Function],
  "findAllByTestId": [Function],
  "findAllByText": [Function],
  "findAllByTitle": [Function],
  "findByAltText": [Function],
  "findByDisplayValue": [Function],
  "findByLabelText": [Function],
  "findByPlaceholderText": [Function],
  "findByRole": [Function],
  "findByTestId": [Function],
  "findByText": [Function],
  "findByTitle": [Function],
  "getAllByAltText": [Function],
  "getAllByDisplayValue": [Function],
  "getAllByLabelText": [Function],
  "getAllByPlaceholderText": [Function],
  "getAllByRole": [Function],
  "getAllByTestId": [Function],
  "getAllByText": [Function],
  "getAllByTitle": [Function],
  "getByAltText": [Function],
  "getByDisplayValue": [Function],
  "getByLabelText": [Function],
  "getByPlaceholderText": [Function],
  "getByRole": [Function],
  "getByTestId": [Function],
  "getByText": [Function],
  "getByTitle": [Function],
  "queryAllByAltText": [Function],
  "queryAllByDisplayValue": [Function],
  "queryAllByLabelText": [Function],
  "queryAllByPlaceholderText": [Function],
  "queryAllByRole": [Function],
  "queryAllByTestId": [Function],
  "queryAllByText": [Function],
  "queryAllByTitle": [Function],
  "queryByAltText": [Function],
  "queryByDisplayValue": [Function],
  "queryByLabelText": [Function],
  "queryByPlaceholderText": [Function],
  "queryByRole": [Function],
  "queryByTestId": [Function],
  "queryByText": [Function],
  "queryByTitle": [Function],
  "rerender": [Function],
  "unmount": [Function],
}
`;
