// Vitest Snapshot v1, https://vitest.dev/guide/snapshot.html

exports[`<MessageList /> > should render correctly 1`] = `
{
  "asFragment": [Function],
  "baseElement": <body>
    <div>
      <div
        class="flex-1 flex flex-col p-[5px] overflow-auto max-h-[490px]"
      >
        <div
          class="mt-auto"
        >
          <div>
            <p
              class="text-sm text-center mb-6"
            >
              <strong>
                Today
              </strong>
               
              <span>
                17:25 PM
              </span>
            </p>
          </div>
          <div
            class="flex flex-row"
          >
            <div>
              <div
                class="rounded-lg px-4 py-3 text-sm m-2 bg-gray-50 rounded-bl-none"
              >
                Hello
              </div>
            </div>
          </div>
          <div
            class="flex flex-row"
          >
            <div>
              <div
                class="rounded-lg px-4 py-3 text-sm m-2 bg-gray-50 rounded-bl-none"
              >
                How are you?
              </div>
            </div>
          </div>
          <div
            class="flex flex-row-reverse"
          >
            <div>
              <div
                class="rounded-lg px-4 py-3 text-sm m-2 bg-accent text-white rounded-br-none"
              >
                Hey!
              </div>
            </div>
          </div>
          <div
            class="flex flex-row-reverse"
          >
            <div>
              <div
                class="rounded-lg px-4 py-3 text-sm m-2 bg-accent text-white rounded-br-none"
              >
                I am good and you?
              </div>
            </div>
          </div>
        </div>
      </div>
    </div>
  </body>,
  "container": <div>
    <div
      class="flex-1 flex flex-col p-[5px] overflow-auto max-h-[490px]"
    >
      <div
        class="mt-auto"
      >
        <div>
          <p
            class="text-sm text-center mb-6"
          >
            <strong>
              Today
            </strong>
             
            <span>
              17:25 PM
            </span>
          </p>
        </div>
        <div
          class="flex flex-row"
        >
          <div>
            <div
              class="rounded-lg px-4 py-3 text-sm m-2 bg-gray-50 rounded-bl-none"
            >
              Hello
            </div>
          </div>
        </div>
        <div
          class="flex flex-row"
        >
          <div>
            <div
              class="rounded-lg px-4 py-3 text-sm m-2 bg-gray-50 rounded-bl-none"
            >
              How are you?
            </div>
          </div>
        </div>
        <div
          class="flex flex-row-reverse"
        >
          <div>
            <div
              class="rounded-lg px-4 py-3 text-sm m-2 bg-accent text-white rounded-br-none"
            >
              Hey!
            </div>
          </div>
        </div>
        <div
          class="flex flex-row-reverse"
        >
          <div>
            <div
              class="rounded-lg px-4 py-3 text-sm m-2 bg-accent text-white rounded-br-none"
            >
              I am good and you?
            </div>
          </div>
        </div>
      </div>
    </div>
  </div>,
  "debug": [Function],
  "findAllByAltText": [Function],
  "findAllByDisplayValue": [Function],
  "findAllByLabelText": [Function],
  "findAllByPlaceholderText": [Function],
  "findAllByRole": [Function],
  "findAllByTestId": [Function],
  "findAllByText": [Function],
  "findAllByTitle": [Function],
  "findByAltText": [Function],
  "findByDisplayValue": [Function],
  "findByLabelText": [Function],
  "findByPlaceholderText": [Function],
  "findByRole": [Function],
  "findByTestId": [Function],
  "findByText": [Function],
  "findByTitle": [Function],
  "getAllByAltText": [Function],
  "getAllByDisplayValue": [Function],
  "getAllByLabelText": [Function],
  "getAllByPlaceholderText": [Function],
  "getAllByRole": [Function],
  "getAllByTestId": [Function],
  "getAllByText": [Function],
  "getAllByTitle": [Function],
  "getByAltText": [Function],
  "getByDisplayValue": [Function],
  "getByLabelText": [Function],
  "getByPlaceholderText": [Function],
  "getByRole": [Function],
  "getByTestId": [Function],
  "getByText": [Function],
  "getByTitle": [Function],
  "queryAllByAltText": [Function],
  "queryAllByDisplayValue": [Function],
  "queryAllByLabelText": [Function],
  "queryAllByPlaceholderText": [Function],
  "queryAllByRole": [Function],
  "queryAllByTestId": [Function],
  "queryAllByText": [Function],
  "queryAllByTitle": [Function],
  "queryByAltText": [Function],
  "queryByDisplayValue": [Function],
  "queryByLabelText": [Function],
  "queryByPlaceholderText": [Function],
  "queryByRole": [Function],
  "queryByTestId": [Function],
  "queryByText": [Function],
  "queryByTitle": [Function],
  "rerender": [Function],
  "unmount": [Function],
}
`;
